// Jest Snapshot v1, https://goo.gl/fbAQLP

exports[`postComment() normal case 1`] = `
[
  {
    "body": "
<details>
<summary>Diff between <code>undefined</code> vundefined and vundefined</summary>

\`\`\`\`diff
some diff
\`\`\`\`

</details>

- Size: 1.1 KB → **956 B** (-133 B)
- Files: 23 → **34** (+11)
- Command: \`cmd arg\`

Posted by [ybiquitous/npm-diff-action v1.2.0](https://github.com/ybiquitous/npm-diff-action) (Node.js v18.0.0 and npm v8.8.0)
",
    "issue_number": 123,
    "owner": "foo",
    "repo": "bar",
  },
]
`;

exports[`postComment() too long body 1`] = `
"
<details>
<summary>Diff between <code>undefined</code> vundefined and vundefined</summary>

\`\`\`\`diff
diff-diff-diff-diff-diff-diff-diff-diff-diff-diff-diff-diff-diff-diff-diff-diff-diff-diff-diff-diff-diff-diff-diff-diff-diff-diff-diff-diff-diff-diff-diff-diff-diff-diff-diff-diff-diff-diff-diff-diff-diff-diff-diff-diff-diff-diff-diff-diff-diff-diff-diff-diff-diff-diff-diff-diff-diff-diff-diff-diff-diff-diff-diff-diff-diff-diff-diff-diff-diff-diff-diff-diff-diff-diff-diff-diff-diff-diff-diff-diff-diff-diff-diff-diff-diff-diff-diff-diff-diff-diff-diff-diff-diff-diff-diff-diff-diff-diff-diff-diff-diff-diff-diff-diff-diff-diff-diff-diff-diff-diff-diff-diff-diff-diff-diff-diff-diff-diff-diff-diff-diff-diff-diff-diff-diff-diff-diff-diff-diff-diff-diff-diff-diff-diff-diff-diff-diff-diff-diff-diff-diff-diff-diff-diff-diff-diff-diff-diff-diff-diff-diff-diff-diff-diff-diff-diff-diff-diff-diff-diff-diff-diff-diff-diff-diff-diff-diff-diff-diff-diff-diff-diff-diff-diff-diff-diff-diff-diff-diff-diff-diff-diff-diff-diff-diff-diff-diff-diff-diff-diff-diff-diff-diff-diff-diff-diff-diff-diff-diff-diff-diff-diff-diff-diff-diff-diff-diff-diff-diff-diff-diff-diff-diff-diff-diff-diff-diff-diff-diff-diff-diff-diff-diff-diff-diff-diff-diff-diff-diff-diff-diff-diff-diff-diff-diff-diff-diff-diff-diff-diff-diff-diff-diff-diff-diff-diff-diff-diff-diff-diff-diff-diff-diff-diff-diff-diff-diff-diff-diff-diff-diff-diff-diff-diff-diff-diff-diff-diff-diff-diff-diff-diff-diff-diff-diff-diff-diff-diff-diff-diff-diff-diff-diff-diff-diff-diff-diff-diff-diff-diff-diff-diff-diff-diff-diff-diff-diff-diff-diff-diff-diff-diff-diff-diff-diff-diff-diff-diff-diff-diff-diff-diff-diff-diff-diff-diff-diff-diff-diff-diff-diff-diff-diff-diff-diff-diff-diff-diff-diff-diff-diff-diff-diff-diff-diff-diff-diff-diff-diff-diff-diff-diff-diff-diff-diff-diff-diff-diff-diff-diff-diff-diff-diff-diff-diff-diff-diff-diff-diff-diff-diff-diff-diff-diff-diff-diff-diff-diff-diff-diff-diff-diff-diff-diff-diff-diff-diff-diff-diff-diff-diff-diff-diff-diff-diff-diff-diff-diff-diff-diff-diff-diff-diff-diff-diff-diff-diff-diff-diff-diff-diff-diff-diff-diff-diff-diff-diff-diff-diff-diff-diff-diff-diff-diff-diff-diff-diff-diff-diff-diff-diff-diff-diff-diff-diff-diff-diff-diff-diff-diff-diff-diff-diff-diff-diff-diff-diff-diff-diff-diff-diff-diff-diff-diff-diff-diff-diff-diff-diff-diff-diff-diff-diff-diff-diff-diff-diff-diff-diff-diff-diff-diff-diff-diff-diff-diff-diff-diff-diff-diff-diff-diff-diff-diff-diff-diff-diff-diff-diff-diff-diff-diff-diff-diff-diff-diff-diff-diff-diff-diff-diff-diff-diff-diff-diff-diff-diff-diff-diff-diff-diff-diff-diff-diff-diff-diff-diff-diff-diff-diff-diff-diff-diff-diff-diff-diff-diff-diff-diff-diff-diff-diff-diff-diff-diff-diff-diff-diff-diff-diff-diff-diff-diff-diff-diff-diff-diff-diff-diff-diff-diff-diff-diff-diff-diff-diff-diff-diff-diff-diff-diff-diff-diff-diff-diff-diff-diff-diff-diff-diff-diff-diff-diff-diff-diff-diff-diff-diff-diff-diff-diff-diff-diff-diff-diff-diff-diff-diff-diff-diff-diff-diff-diff-diff-diff-diff-diff-diff-diff-diff-diff-diff-diff-diff-diff-diff-diff-diff-diff-diff-diff-diff-diff-diff-diff-diff-diff-diff-diff-diff-diff-diff-diff-diff-diff-diff-diff-diff-diff-diff-diff-diff-diff-diff-diff-diff-diff-diff-diff-diff-diff-diff-diff-diff-diff-diff-diff-diff-diff-diff-diff-diff-diff-diff-diff-diff-diff-diff-diff-diff-diff-diff-diff-diff-diff-diff-diff-diff-diff-diff-diff-diff-diff-diff-diff-diff-diff-diff-diff-diff-diff-diff-diff-diff-diff-diff-diff-diff-diff-diff-diff-diff-diff-diff-diff-diff-diff-diff-diff-diff-diff-diff-diff-diff-diff-diff-diff-diff-diff-diff-diff-diff-diff-diff-diff-diff-diff-diff-diff-diff-diff-diff-diff-diff-diff-diff-diff-diff-diff-diff-diff-diff-diff-diff-diff-diff-diff-diff-diff-diff-diff-diff-diff-diff-diff-diff-diff-diff-diff-diff-diff-diff-diff-diff-diff-diff-diff-diff-diff-diff-diff-diff-diff-diff-diff-diff-diff-diff-diff-diff-diff-diff-diff-diff-diff-diff-diff-diff-diff-diff-diff-diff-diff-diff-diff-diff-diff-diff-diff-diff-diff-diff-diff-diff-diff-diff-diff-diff-diff-diff-diff-diff-diff-diff-diff-diff-diff-diff-diff-diff-diff-diff-diff-diff-diff-diff-diff-diff-diff-diff-diff-diff-diff-diff-diff-diff-diff-diff-diff-diff-diff-diff-diff-diff-diff-diff-diff-diff-diff-diff-diff-diff-diff-diff-diff-diff-diff-diff-diff-diff-diff-diff-diff-diff-diff-diff-diff-diff-diff-diff-diff-diff-diff-diff-diff-diff-diff-diff-diff-diff-diff-diff-diff-diff-diff-diff-diff-diff-diff-diff-diff-diff-diff-diff-diff-diff-diff-diff-diff-diff-diff-diff-diff-diff-diff-diff-diff-diff-diff-diff-diff-diff-diff-diff-diff-diff-diff-diff-diff-diff-diff-diff-diff-diff-diff-diff-diff-diff-diff-diff-diff-diff-diff-diff-diff-diff-diff-diff-diff-diff-diff-diff-diff-diff-diff-diff-diff-diff-diff-diff-diff-diff-diff-diff-diff-diff-diff-diff-diff-diff-diff-diff-diff-diff-diff-diff-diff-diff-diff-diff-diff-diff-diff-diff-diff-diff-diff-diff-diff-diff-diff-diff-diff-diff-diff-diff-diff-diff-diff-diff-diff-diff-diff-diff-diff-diff-diff-diff-diff-diff-diff-diff-diff-diff-diff-diff-diff-diff-diff-diff-diff-diff-diff-diff-diff-diff-diff-diff-diff-diff-
\`\`\`\`

</details>

- Size: 1.1 KB → **956 B** (-133 B)
- Files: 23 → **34** (+11)
- Command: \`cmd arg\`

Posted by [ybiquitous/npm-diff-action v1.2.0](https://github.com/ybiquitous/npm-diff-action) (Node.js v18.0.0 and npm v8.8.0)
"
`;

exports[`postComment() too long body 2`] = `
"
<details>
<summary>Diff between <code>undefined</code> vundefined and vundefined</summary>

\`\`\`\`diff
diff-diff-diff-diff-diff-diff-diff-diff-diff-diff-diff-diff-diff-diff-diff-diff-diff-diff-diff-diff-diff-diff-diff-diff-diff-diff-diff-diff-diff-diff-diff-diff-diff-diff-diff-diff-diff-diff-diff-diff-diff-diff-diff-diff-diff-diff-diff-diff-diff-diff-diff-diff-diff-diff-diff-diff-diff-diff-diff-diff-diff-diff-diff-diff-diff-diff-diff-diff-diff-diff-diff-diff-diff-diff-diff-diff-diff-diff-diff-diff-diff-diff-diff-diff-diff-diff-diff-diff-diff-diff-diff-diff-diff-diff-diff-diff-diff-diff-diff-diff-
\`\`\`\`

_(too long so truncated)_

</details>

- Size: 1.1 KB → **956 B** (-133 B)
- Files: 23 → **34** (+11)
- Command: \`cmd arg\`

Posted by [ybiquitous/npm-diff-action v1.2.0](https://github.com/ybiquitous/npm-diff-action) (Node.js v18.0.0 and npm v8.8.0)
"
`;
